// Jest Snapshot v1, https://goo.gl/fbAQLP

exports[`it renders a submit button 1`] = `
<button
  class="MuiButtonBase-root MuiButton-root MuiButton-contained MuiButton-containedPrimary"
  data-testid="submit-button"
  tabindex="0"
  type="submit"
>
  <span
    class="MuiButton-label"
  >
    Search
  </span>
  <span
    class="MuiTouchRipple-root"
  />
</button>
`;
